// Jest Snapshot v1, https://goo.gl/fbAQLP

exports[`Header Header should match snapshot 1`] = `
<header
  style={
    Object {
      "flexGrow": 1,
    }
  }
>
  <WithStyles(ForwardRef(AppBar))>
    <WithStyles(ForwardRef(Toolbar))
      className="makeStyles-toolbar-1"
    >
      <WithStyles(ForwardRef(Typography))
        variant="h1"
      >
        Launch Master
      </WithStyles(ForwardRef(Typography))>
      <div>
        <ForwardRef(SvgSun)
          className="makeStyles-darkModeIcon-5 makeStyles-rotate-6"
          onClick={[MockFunction]}
          style={
            Object {
              "fill": undefined,
            }
          }
        />
      </div>
    </WithStyles(ForwardRef(Toolbar))>
  </WithStyles(ForwardRef(AppBar))>
</header>
`;
